[    0.000000] Initializing cgroup subsys cpuset
[    0.000000] Initializing cgroup subsys cpu
[    0.000000] Initializing cgroup subsys cpuacct
[    0.000000] Linux version 4.4.0-77-generic (buildd@lgw01-59) (gcc version 5.4.0 20160609 (Ubuntu 5.4.0-6ubuntu1~16.04.4) ) #98-Ubuntu SMP Wed Apr 26 08:34:02 UTC 2017 (Ubuntu 4.4.0-77.98-generic 4.4.59)
[    0.000000] Command line: BOOT_IMAGE=/boot/vmlinuz-4.4.0-77-generic root=LABEL=cloudimg-rootfs ro console=tty1 console=ttyS0
[    0.000000] KERNEL supported cpus:
[    0.000000]   Intel GenuineIntel
[    0.000000]   AMD AuthenticAMD
[    0.000000]   Centaur CentaurHauls
[    0.000000] x86/fpu: xstate_offset[2]:  576, xstate_sizes[2]:  256
[    0.000000] x86/fpu: Supporting XSAVE feature 0x01: 'x87 floating point registers'
[    0.000000] x86/fpu: Supporting XSAVE feature 0x02: 'SSE registers'
[    0.000000] x86/fpu: Supporting XSAVE feature 0x04: 'AVX registers'
[    0.000000] x86/fpu: Enabled xstate features 0x7, context size is 832 bytes, using 'standard' format.
[    0.000000] x86/fpu: Using 'lazy' FPU context switches.
[    0.000000] e820: BIOS-provided physical RAM map:
[    0.000000] BIOS-e820: [mem 0x0000000000000000-0x000000000009fbff] usable
[    0.000000] BIOS-e820: [mem 0x000000000009fc00-0x000000000009ffff] reserved
[    0.000000] BIOS-e820: [mem 0x00000000000f0000-0x00000000000fffff] reserved
[    0.000000] BIOS-e820: [mem 0x0000000000100000-0x000000007ffeffff] usable
[    0.000000] BIOS-e820: [mem 0x000000007fff0000-0x000000007fffffff] ACPI data
[    0.000000] BIOS-e820: [mem 0x00000000fec00000-0x00000000fec00fff] reserved
[    0.000000] BIOS-e820: [mem 0x00000000fee00000-0x00000000fee00fff] reserved
[    0.000000] BIOS-e820: [mem 0x00000000fffc0000-0x00000000ffffffff] reserved
[    0.000000] NX (Execute Disable) protection: active
[    0.000000] SMBIOS 2.5 present.
[    0.000000] Hypervisor detected: KVM
[    0.000000] e820: last_pfn = 0x7fff0 max_arch_pfn = 0x400000000
[    0.000000] MTRR: Disabled
[    0.000000] x86/PAT: MTRRs disabled, skipping PAT initialization too.
[    0.000000] x86/PAT: Configuration [0-7]: WB  WT  UC- UC  WB  WT  UC- UC  
[    0.000000] CPU MTRRs all blank - virtualized system.
[    0.000000] found SMP MP-table at [mem 0x0009fff0-0x0009ffff] mapped at [ffff88000009fff0]
[    0.000000] Scanning 1 areas for low memory corruption
[    0.000000] RAMDISK: [mem 0x36af4000-0x37571fff]
[    0.000000] ACPI: Early table checksum verification disabled
[    0.000000] ACPI: RSDP 0x00000000000E0000 000024 (v02 VBOX  )
[    0.000000] ACPI: XSDT 0x000000007FFF0030 00003C (v01 VBOX   VBOXXSDT 00000001 ASL  00000061)
[    0.000000] ACPI: FACP 0x000000007FFF00F0 0000F4 (v04 VBOX   VBOXFACP 00000001 ASL  00000061)
[    0.000000] ACPI: DSDT 0x000000007FFF0470 0021C8 (v02 VBOX   VBOXBIOS 00000002 INTL 20100528)
[    0.000000] ACPI: FACS 0x000000007FFF0200 000040
[    0.000000] ACPI: FACS 0x000000007FFF0200 000040
[    0.000000] ACPI: APIC 0x000000007FFF0240 00005C (v02 VBOX   VBOXAPIC 00000001 ASL  00000061)
[    0.000000] ACPI: SSDT 0x000000007FFF02A0 0001CC (v01 VBOX   VBOXCPUT 00000002 INTL 20100528)
[    0.000000] No NUMA configuration found
[    0.000000] Faking a node at [mem 0x0000000000000000-0x000000007ffeffff]
[    0.000000] NODE_DATA(0) allocated [mem 0x7ffeb000-0x7ffeffff]
[    0.000000] kvm-clock: Using msrs 4b564d01 and 4b564d00
[    0.000000] kvm-clock: cpu 0, msr 0:7ffe3001, primary cpu clock
[    0.000000] kvm-clock: using sched offset of 2976344352 cycles
[    0.000000] clocksource: kvm-clock: mask: 0xffffffffffffffff max_cycles: 0x1cd42e4dffb, max_idle_ns: 881590591483 ns
[    0.000000] Zone ranges:
[    0.000000]   DMA      [mem 0x0000000000001000-0x0000000000ffffff]
[    0.000000]   DMA32    [mem 0x0000000001000000-0x000000007ffeffff]
[    0.000000]   Normal   empty
[    0.000000]   Device   empty
[    0.000000] Movable zone start for each node
[    0.000000] Early memory node ranges
[    0.000000]   node   0: [mem 0x0000000000001000-0x000000000009efff]
[    0.000000]   node   0: [mem 0x0000000000100000-0x000000007ffeffff]
[    0.000000] Initmem setup node 0 [mem 0x0000000000001000-0x000000007ffeffff]
[    0.000000] ACPI: PM-Timer IO Port: 0x4008
[    0.000000] IOAPIC[0]: apic_id 2, version 32, address 0xfec00000, GSI 0-23
[    0.000000] ACPI: INT_SRC_OVR (bus 0 bus_irq 0 global_irq 2 dfl dfl)
[    0.000000] ACPI: INT_SRC_OVR (bus 0 bus_irq 9 global_irq 9 high level)
[    0.000000] Using ACPI (MADT) for SMP configuration information
[    0.000000] smpboot: Allowing 2 CPUs, 0 hotplug CPUs
[    0.000000] PM: Registered nosave memory: [mem 0x00000000-0x00000fff]
[    0.000000] PM: Registered nosave memory: [mem 0x0009f000-0x0009ffff]
[    0.000000] PM: Registered nosave memory: [mem 0x000a0000-0x000effff]
[    0.000000] PM: Registered nosave memory: [mem 0x000f0000-0x000fffff]
[    0.000000] e820: [mem 0x80000000-0xfebfffff] available for PCI devices
[    0.000000] Booting paravirtualized kernel on KVM
[    0.000000] clocksource: refined-jiffies: mask: 0xffffffff max_cycles: 0xffffffff, max_idle_ns: 7645519600211568 ns
[    0.000000] setup_percpu: NR_CPUS:512 nr_cpumask_bits:512 nr_cpu_ids:2 nr_node_ids:1
[    0.000000] PERCPU: Embedded 33 pages/cpu @ffff88007fc00000 s98264 r8192 d28712 u1048576
[    0.000000] PV qspinlock hash table entries: 256 (order: 0, 4096 bytes)
[    0.000000] Built 1 zonelists in Node order, mobility grouping on.  Total pages: 515961
[    0.000000] Policy zone: DMA32
[    0.000000] Kernel command line: BOOT_IMAGE=/boot/vmlinuz-4.4.0-77-generic root=LABEL=cloudimg-rootfs ro console=tty1 console=ttyS0
[    0.000000] PID hash table entries: 4096 (order: 3, 32768 bytes)
[    0.000000] Memory: 2034028K/2096696K available (8449K kernel code, 1294K rwdata, 3980K rodata, 1484K init, 1316K bss, 62668K reserved, 0K cma-reserved)
[    0.000000] SLUB: HWalign=64, Order=0-3, MinObjects=0, CPUs=2, Nodes=1
[    0.000000] Hierarchical RCU implementation.
[    0.000000] 	Build-time adjustment of leaf fanout to 64.
[    0.000000] 	RCU restricting CPUs from NR_CPUS=512 to nr_cpu_ids=2.
[    0.000000] RCU: Adjusting geometry for rcu_fanout_leaf=64, nr_cpu_ids=2
[    0.000000] NR_IRQS:33024 nr_irqs:440 16
[    0.000000] Console: colour VGA+ 80x25
[    0.000000] console [tty1] enabled
[    0.000000] console [ttyS0] enabled
[    0.000000] tsc: Detected 2194.918 MHz processor
[    4.595049] Calibrating delay loop (skipped) preset value.. 4389.83 BogoMIPS (lpj=8779672)
[    4.596543] pid_max: default: 32768 minimum: 301
[    4.630911] ACPI: Core revision 20150930
[    4.655460] ACPI: 2 ACPI AML tables successfully acquired and loaded
[    4.685480] Security Framework initialized
[    4.712704] Yama: becoming mindful.
[    4.713399] AppArmor: AppArmor initialized
[    4.775912] Dentry cache hash table entries: 262144 (order: 9, 2097152 bytes)
[    4.811721] Inode-cache hash table entries: 131072 (order: 8, 1048576 bytes)
[    4.814668] Mount-cache hash table entries: 4096 (order: 3, 32768 bytes)
[    4.815843] Mountpoint-cache hash table entries: 4096 (order: 3, 32768 bytes)
[    4.824662] Initializing cgroup subsys io
[    4.860213] Initializing cgroup subsys memory
[    4.888655] Initializing cgroup subsys devices
[    4.923442] Initializing cgroup subsys freezer
[    4.963204] Initializing cgroup subsys net_cls
[    4.988307] Initializing cgroup subsys perf_event
[    5.006929] Initializing cgroup subsys net_prio
[    5.052184] Initializing cgroup subsys hugetlb
[    5.070200] Initializing cgroup subsys pids
[    5.072248] CPU: Physical Processor ID: 0
[    5.076184] CPU: Processor Core ID: 0
[    5.103890] mce: CPU supports 0 MCE banks
[    5.116532] Last level iTLB entries: 4KB 1024, 2MB 1024, 4MB 1024
[    5.121528] Last level dTLB entries: 4KB 1024, 2MB 1024, 4MB 1024, 1GB 4
[    5.124535] Freeing SMP alternatives memory: 32K (ffffffff820b8000 - ffffffff820c0000)
[    5.167042] ftrace: allocating 32117 entries in 126 pages
[    5.230182] smpboot: APIC(0) Converting physical 0 to logical package 0
[    5.271171] smpboot: Max logical packages: 1
[    5.332932] x2apic enabled
[    5.360707] Switched APIC routing to physical x2apic.
[    5.393903] ..TIMER: vector=0x30 apic1=0 pin1=2 apic2=-1 pin2=-1
[    5.531257] APIC calibration not consistent with PM-Timer: 101ms instead of 100ms
[    5.628097] APIC delta adjusted to PM-Timer: 6249937 (6316216)
[    5.660202] smpboot: CPU0: Intel(R) Core(TM) i7-4770HQ CPU @ 2.20GHz (family: 0x6, model: 0x46, stepping: 0x1)
[    5.748773] Performance Events: unsupported p6 CPU model 70 no PMU driver, software events only.
[    5.793535] KVM setup paravirtual spinlock
[    5.843071] x86: Booting SMP configuration:
[    5.864076] .... node  #0, CPUs:      #1
[    5.894487] kvm-clock: cpu 1, msr 0:7ffe3041, secondary cpu clock
[    5.966409] mce: CPU supports 0 MCE banks
[    5.995198] x86: Booted up 1 node, 2 CPUs
[    6.021428] smpboot: Total of 2 processors activated (8779.67 BogoMIPS)
[    6.060865] devtmpfs: initialized
[    6.081210] evm: security.selinux
[    6.103794] evm: security.SMACK64
[    6.104434] evm: security.SMACK64EXEC
[    6.105222] evm: security.SMACK64TRANSMUTE
[    6.158627] evm: security.SMACK64MMAP
[    6.181821] evm: security.ima
[    6.205165] evm: security.capability
[    6.240495] clocksource: jiffies: mask: 0xffffffff max_cycles: 0xffffffff, max_idle_ns: 7645041785100000 ns
[    6.308284] futex hash table entries: 512 (order: 3, 32768 bytes)
[    6.346309] pinctrl core: initialized pinctrl subsystem
[    6.380005] RTC time: 15:37:50, date: 09/05/17
[    6.406382] NET: Registered protocol family 16
[    6.420847] cpuidle: using governor ladder
[    6.464794] cpuidle: using governor menu
[    6.504036] PCCT header not found.
[    6.552784] ACPI: bus type PCI registered
[    6.614236] acpiphp: ACPI Hot Plug PCI Controller Driver version: 0.5
[    6.691350] PCI: Using configuration type 1 for base access
[    6.756942] ACPI: Added _OSI(Module Device)
[    6.817084] ACPI: Added _OSI(Processor Device)
[    6.869338] ACPI: Added _OSI(3.0 _SCP Extensions)
[    6.891978] ACPI: Added _OSI(Processor Aggregator Device)
[    6.893778] ACPI: Executed 1 blocks of module-level executable AML code
[    6.902114] ACPI: Interpreter enabled
[    6.961307] ACPI: (supports S0 S5)
[    7.002245] ACPI: Using IOAPIC for interrupt routing
[    7.047759] PCI: Using host bridge windows from ACPI; if necessary, use "pci=nocrs" and report a bug
[    7.065777] ACPI: PCI Root Bridge [PCI0] (domain 0000 [bus 00-ff])
[    7.121389] acpi PNP0A03:00: _OSC: OS supports [ASPM ClockPM Segments MSI]
[    7.164750] acpi PNP0A03:00: _OSC failed (AE_NOT_FOUND); disabling ASPM
[    7.199732] acpi PNP0A03:00: fail to add MMCONFIG information, can't access extended PCI configuration space under this bridge.
[    7.243393] PCI host bridge to bus 0000:00
[    7.306928] pci_bus 0000:00: root bus resource [io  0x0000-0x0cf7 window]
[    7.309355] pci_bus 0000:00: root bus resource [io  0x0d00-0xffff window]
[    7.386389] pci_bus 0000:00: root bus resource [mem 0x000a0000-0x000bffff window]
[    7.486599] pci_bus 0000:00: root bus resource [mem 0x80000000-0xffdfffff window]
[    7.570026] pci_bus 0000:00: root bus resource [bus 00-ff]
[    7.649244] pci 0000:00:01.1: legacy IDE quirk: reg 0x10: [io  0x01f0-0x01f7]
[    7.748109] pci 0000:00:01.1: legacy IDE quirk: reg 0x14: [io  0x03f6]
[    7.831786] pci 0000:00:01.1: legacy IDE quirk: reg 0x18: [io  0x0170-0x0177]
[    7.926793] pci 0000:00:01.1: legacy IDE quirk: reg 0x1c: [io  0x0376]
[    8.024210] pci 0000:00:07.0: quirk: [io  0x4000-0x403f] claimed by PIIX4 ACPI
[    8.161175] pci 0000:00:07.0: quirk: [io  0x4100-0x410f] claimed by PIIX4 SMB
[    8.286420] ACPI: PCI Interrupt Link [LNKA] (IRQs 5 9 10 *11)
[    8.330617] ACPI: PCI Interrupt Link [LNKB] (IRQs 5 9 10 *11)
[    8.380490] ACPI: PCI Interrupt Link [LNKC] (IRQs 5 9 *10 11)
[    8.409573] ACPI: PCI Interrupt Link [LNKD] (IRQs 5 *9 10 11)
[    8.436973] ACPI: Enabled 2 GPEs in block 00 to 07
[    8.516019] vgaarb: setting as boot device: PCI:0000:00:02.0
[    8.606041] vgaarb: device added: PCI:0000:00:02.0,decodes=io+mem,owns=io+mem,locks=none
[    8.720267] vgaarb: loaded
[    8.772334] vgaarb: bridge control possible 0000:00:02.0
[    8.849463] SCSI subsystem initialized
[    8.901412] ACPI: bus type USB registered
[    8.957080] usbcore: registered new interface driver usbfs
[    9.072414] usbcore: registered new interface driver hub
[    9.156475] usbcore: registered new device driver usb
[    9.233597] PCI: Using ACPI for IRQ routing
[    9.297560] NetLabel: Initializing
[    9.349766] NetLabel:  domain hash size = 128
[    9.379724] NetLabel:  protocols = UNLABELED CIPSOv4
[    9.392846] NetLabel:  unlabeled traffic allowed by default
[    9.440823] amd_nb: Cannot enumerate AMD northbridges
[    9.473494] clocksource: Switched to clocksource kvm-clock
[    9.483345] AppArmor: AppArmor Filesystem Enabled
[    9.585284] pnp: PnP ACPI init
[    9.647024] pnp: PnP ACPI: found 3 devices
[    9.743615] clocksource: acpi_pm: mask: 0xffffff max_cycles: 0xffffff, max_idle_ns: 2085701024 ns
[    9.939061] NET: Registered protocol family 2
[   10.015577] TCP established hash table entries: 16384 (order: 5, 131072 bytes)
[   10.178138] TCP bind hash table entries: 16384 (order: 6, 262144 bytes)
[   10.271258] TCP: Hash tables configured (established 16384 bind 16384)
[   10.345585] UDP hash table entries: 1024 (order: 3, 32768 bytes)
[   10.375855] UDP-Lite hash table entries: 1024 (order: 3, 32768 bytes)
[   10.419357] NET: Registered protocol family 1
[   10.453857] pci 0000:00:00.0: Limiting direct PCI/PCI transfers
[   10.554179] pci 0000:00:01.0: Activating ISA DMA hang workarounds
[   10.643575] Unpacking initramfs...
[   12.430425] Freeing initrd memory: 10744K (ffff880036af4000 - ffff880037572000)
[   12.565295] platform rtc_cmos: registered platform RTC device (no PNP device found)
[   12.703765] Scanning for low memory corruption every 60 seconds
[   12.813645] audit: initializing netlink subsys (disabled)
[   12.830367] audit: type=2000 audit(1504625872.316:1): initialized
[   12.867737] Initialise system trusted keyring
[   12.993113] HugeTLB registered 2 MB page size, pre-allocated 0 pages
[   13.152203] zbud: loaded
[   13.193119] VFS: Disk quotas dquot_6.6.0
[   13.273685] VFS: Dquot-cache hash table entries: 512 (order 0, 4096 bytes)
[   13.419146] squashfs: version 4.0 (2009/01/31) Phillip Lougher
[   13.520909] fuse init (API version 7.23)
[   13.561639] tsc: Refined TSC clocksource calibration: 2195.851 MHz
[   13.561641] clocksource: tsc: mask: 0xffffffffffffffff max_cycles: 0x1fa6e3a08b1, max_idle_ns: 440795290893 ns
[   13.905185] Key type big_key registered
[   13.919031] Allocating IMA MOK and blacklist keyrings.
[   13.939827] Key type asymmetric registered
[   14.013740] Asymmetric key parser 'x509' registered
[   14.135177] Block layer SCSI generic (bsg) driver version 0.4 loaded (major 249)
[   14.222820] io scheduler noop registered
[   14.333486] io scheduler deadline registered (default)
[   14.524009] io scheduler cfq registered
[   14.607058] pci_hotplug: PCI Hot Plug PCI Core version: 0.5
[   14.699973] pciehp: PCI Express Hot Plug Controller Driver version: 0.4
[   14.803254] ACPI: AC Adapter [AC] (off-line)
[   14.819654] input: Power Button as /devices/LNXSYSTM:00/LNXPWRBN:00/input/input0
[   14.988997] ACPI: Power Button [PWRF]
[   15.000503] input: Sleep Button as /devices/LNXSYSTM:00/LNXSLPBN:00/input/input1
[   15.027132] ACPI: Sleep Button [SLPF]
[   15.039152] GHES: HEST is not enabled!
[   15.042681] ACPI: Battery Slot [BAT0] (battery present)
[   15.117336] Serial: 8250/16550 driver, 32 ports, IRQ sharing enabled
[   15.249541] 00:02: ttyS0 at I/O 0x3f8 (irq = 4, base_baud = 115200) is a 16550A
[   15.399598] Linux agpgart interface v0.103
[   15.482126] loop: module loaded
[   15.529639] scsi host0: ata_piix
[   15.564383] scsi host1: ata_piix
[   15.672323] ata1: PATA max UDMA/33 cmd 0x1f0 ctl 0x3f6 bmdma 0xd000 irq 14
[   15.803783] ata2: PATA max UDMA/33 cmd 0x170 ctl 0x376 bmdma 0xd008 irq 15
[   15.920082] libphy: Fixed MDIO Bus: probed
[   16.042646] tun: Universal TUN/TAP device driver, 1.6
[   16.097692] tun: (C) 1999-2004 Max Krasnyansky <maxk@qualcomm.com>
[   16.126622] PPP generic driver version 2.4.2
[   16.137739] ehci_hcd: USB 2.0 'Enhanced' Host Controller (EHCI) Driver
[   16.170013] ehci-pci: EHCI PCI platform driver
[   16.265217] ehci-platform: EHCI generic platform driver
[   16.402114] ohci_hcd: USB 1.1 'Open' Host Controller (OHCI) Driver
[   16.519293] ohci-pci: OHCI PCI platform driver
[   16.616705] ohci-platform: OHCI generic platform driver
[   16.712549] uhci_hcd: USB Universal Host Controller Interface driver
[   16.901676] i8042: PNP: PS/2 Controller [PNP0303:PS2K,PNP0f03:PS2M] at 0x60,0x64 irq 1,12
[   17.103315] serio: i8042 KBD port at 0x60,0x64 irq 1
[   17.202136] serio: i8042 AUX port at 0x60,0x64 irq 12
[   17.216667] mousedev: PS/2 mouse device common for all mice
[   17.234506] rtc_cmos rtc_cmos: rtc core: registered rtc_cmos as rtc0
[   17.250156] rtc_cmos rtc_cmos: alarms up to one day, 114 bytes nvram
[   17.270502] input: AT Translated Set 2 keyboard as /devices/platform/i8042/serio0/input/input2
[   17.444585] i2c /dev entries driver
[   17.542797] device-mapper: uevent: version 1.0.3
[   17.644257] device-mapper: ioctl: 4.34.0-ioctl (2015-10-28) initialised: dm-devel@redhat.com
[   17.819881] ledtrig-cpu: registered to indicate activity on CPUs
[   17.963231] NET: Registered protocol family 10
[   18.030023] NET: Registered protocol family 17
[   18.118380] Key type dns_resolver registered
[   18.207856] microcode: CPU0 sig=0x40661, pf=0x40, revision=0x0
[   18.276657] microcode: CPU1 sig=0x40661, pf=0x40, revision=0x0
[   18.279889] microcode: Microcode Update Driver: v2.01 <tigran@aivazian.fsnet.co.uk>, Peter Oruba
[   18.459093] registered taskstats version 1
[   18.552700] Loading compiled-in X.509 certificates
[   18.642968] Loaded X.509 cert 'Build time autogenerated kernel key: 60562572960efd370424d983abb028749c4780ed'
[   18.862515] zswap: loaded using pool lzo/zbud
[   18.970556] Key type trusted registered
[   19.022244] Key type encrypted registered
[   19.071341] AppArmor: AppArmor sha1 policy hashing enabled
[   19.166158] ima: No TPM chip found, activating TPM-bypass!
[   19.243571] evm: HMAC attrs: 0x1
[   19.302585]   Magic number: 1:565:638
[   19.363605] rtc_cmos rtc_cmos: setting system clock to 2017-09-05 15:38:03 UTC (1504625883)
[   19.370336] BIOS EDD facility v0.16 2004-Jun-25, 0 devices found
[   19.425960] EDD information not available.
[   19.471402] Freeing unused kernel memory: 1484K (ffffffff81f45000 - ffffffff820b8000)
[   19.570471] Write protecting the kernel read-only data: 14336k
[   19.664548] Freeing unused kernel memory: 1780K (ffff880001843000 - ffff880001a00000)
[   19.776678] Freeing unused kernel memory: 116K (ffff880001de3000 - ffff880001e00000)
Loading, please [   19.885311] random: systemd-udevd: uninitialized urandom read (16 bytes read, 4 bits of entropy available)
wait...
startin[   19.885954] random: udevadm: uninitialized urandom read (16 bytes read, 4 bits of entropy available)
g version 229
[   19.885987] random: udevadm: uninitialized urandom read (16 bytes read, 4 bits of entropy available)
[   19.886092] random: udevadm: uninitialized urandom read (16 bytes read, 4 bits of entropy available)
[   19.886128] random: udevadm: uninitialized urandom read (16 bytes read, 4 bits of entropy available)
[   19.886162] random: udevadm: uninitialized urandom read (16 bytes read, 4 bits of entropy available)
[   19.886199] random: udevadm: uninitialized urandom read (16 bytes read, 4 bits of entropy available)
[   19.886232] random: udevadm: uninitialized urandom read (16 bytes read, 4 bits of entropy available)
[   19.886265] random: udevadm: uninitialized urandom read (16 bytes read, 4 bits of entropy available)
[   19.886296] random: udevadm: uninitialized urandom read (16 bytes read, 4 bits of entropy available)
[   20.889882] e1000: Intel(R) PRO/1000 Network Driver - version 7.3.21-k8-NAPI
[   20.893768] Fusion MPT base driver 3.04.20
[   20.893768] Copyright (c) 1999-2008 LSI Corporation
[   21.169759] e1000: Copyright (c) 1999-2006 Intel Corporation.
[   21.295390] Fusion MPT SPI Host driver 3.04.20
[   21.384020] AVX version of gcm_enc/dec engaged.
[   21.423505] AES CTR mode by8 optimization enabled
[   21.491173] input: ImExPS/2 Generic Explorer Mouse as /devices/platform/i8042/serio1/input/input4
[   21.745737] e1000 0000:00:03.0 eth0: (PCI:33MHz:32-bit) 08:00:27:13:4c:fe
[   21.894293] e1000 0000:00:03.0 eth0: Intel(R) PRO/1000 Network Connection
[   22.385924] e1000 0000:00:08.0 eth1: (PCI:33MHz:32-bit) 08:00:27:9e:ed:e6
[   22.567324] e1000 0000:00:08.0 eth1: Intel(R) PRO/1000 Network Connection
[   22.727882] e1000 0000:00:03.0 enp0s3: renamed from eth0
[   22.782510] mptbase: ioc0: Initiating bringup
[   22.801755] e1000 0000:00:08.0 enp0s8: renamed from eth1
[   22.869856] ioc0: LSI53C1030 A0: Capabilities={Initiator}
[   23.099725] scsi host2: ioc0: LSI53C1030 A0, FwRev=00000000h, Ports=1, MaxQ=256, IRQ=20
[   23.413405] scsi 2:0:0:0: Direct-Access     VBOX     HARDDISK         1.0  PQ: 0 ANSI: 5
[   23.683410] scsi target2:0:0: Beginning Domain Validation
[   23.766805] scsi target2:0:0: Domain Validation skipping write tests
[   23.851693] scsi target2:0:0: Ending Domain Validation
[   23.866225] scsi target2:0:0: asynchronous
[   23.874267] scsi 2:0:1:0: Direct-Access     VBOX     HARDDISK         1.0  PQ: 0 ANSI: 5
[   23.880445] scsi target2:0:1: Beginning Domain Validation
[   23.890615] scsi target2:0:1: Domain Validation skipping write tests
[   23.898147] scsi target2:0:1: Ending Domain Validation
[   23.905468] scsi target2:0:1: asynchronous
[   23.915960] sd 2:0:0:0: Attached scsi generic sg0 type 0
[   23.915982] sd 2:0:0:0: [sda] 20971520 512-byte logical blocks: (10.7 GB/10.0 GiB)
[   23.916135] sd 2:0:0:0: [sda] Write Protect is off
[   23.916194] sd 2:0:0:0: [sda] Incomplete mode parameter data
[   23.916195] sd 2:0:0:0: [sda] Assuming drive cache: write through
[   23.916727]  sda: sda1
[   23.917299] sd 2:0:0:0: [sda] Attached SCSI disk
[   24.286053] sd 2:0:1:0: Attached scsi generic sg1 type 0
[   24.286212] sd 2:0:1:0: [sdb] 20480 512-byte logical blocks: (10.5 MB/10.0 MiB)
[   24.286389] sd 2:0:1:0: [sdb] Write Protect is off
[   24.286533] sd 2:0:1:0: [sdb] Incomplete mode parameter data
[   24.286534] sd 2:0:1:0: [sdb] Assuming drive cache: write through
[   24.288179] sd 2:0:1:0: [sdb] Attached SCSI disk
[   24.381586] floppy0: no floppy controllers found
[   24.381623] work still pending
Begin: Loading e[   25.967057] md: linear personality registered for level -1
ssential drivers[   26.058955] md: multipath personality registered for level -4
 ... [   26.117251] md: raid0 personality registered for level 0
[   26.211512] md: raid1 personality registered for level 1
[   26.378828] raid6: sse2x1   gen()  9716 MB/s
[   26.597614] raid6: sse2x1   xor()  7305 MB/s
[   26.790877] raid6: sse2x2   gen() 12283 MB/s
[   26.925561] raid6: sse2x2   xor()  7738 MB/s
[   27.065708] raid6: sse2x4   gen() 13494 MB/s
[   27.221585] raid6: sse2x4   xor()  8631 MB/s
[   27.243272] raid6: using algorithm sse2x4 gen() 13494 MB/s
[   27.327552] raid6: .... xor() 8631 MB/s, rmw enabled
[   27.472470] raid6: using ssse3x2 recovery algorithm
[   27.540037] xor: automatically using best checksumming function:
[   27.665572]    avx       : 20927.000 MB/sec
[   27.741787] async_tx: api initialized (async)
[   27.835564] md: raid6 personality registered for level 6
[   27.908795] md: raid5 personality registered for level 5
[   27.933280] md: raid4 personality registered for level 4
[   27.951385] md: raid10 personality registered for level 10
done.
Begin: Running /scripts/init-premount ... done.
Begin: Mounting root file system ... Begi[   27.988965] Btrfs loaded
n: Running /scripts/local-top ... done.
Begin: Running /scripts/local-premount [   28.048795] EXT4-fs (sda1): mounted filesystem with ordered data mode. Opts: (null)
... Scanning for Btrfs filesystems
done.
Warning: fsck not present, so skipping root file system
done.
Begin: Running /scripts/local-bottom ... done.
Begin: Running /scripts/init-bottom ... done.
[   28.131975] systemd[1]: systemd 229 running in system mode. (+PAM +AUDIT +SELINUX +IMA +APPARMOR +SMACK +SYSVINIT +UTMP +LIBCRYPTSETUP +GCRYPT +GNUTLS +ACL +XZ -LZ4 +SECCOMP +BLKID +ELFUTILS +KMOD -IDN)
[   28.345645] systemd[1]: Detected virtualization oracle.
[   28.400708] systemd[1]: Detected architecture x86-64.

Welcome to [1mUbuntu 16.04.2 LTS[0m!

[   28.530294] systemd[1]: Set hostname to <ubuntu>.
[   28.589463] systemd[1]: Initializing machine ID from random generator.
[   28.685178] systemd[1]: Installed transient /etc/machine-id file.
[   28.857067] systemd[1]: Reached target Encrypted Volumes.
[[0;32m  OK  [0m] Reached target Encrypted Volumes.
[   29.026135] systemd[1]: Created slice User and Session Slice.
[[0;32m  OK  [0m] Created slice User and Session Slice.
[   29.201768] systemd[1]: Listening on Journal Socket (/dev/log).
[[0;32m  OK  [0m] Listening on Journal Socket (/dev/log).
[   29.365972] systemd[1]: Listening on LVM2 metadata daemon socket.
[[0;32m  OK  [0m] Listening on LVM2 metadata daemon socket.
[   29.462102] systemd[1]: Set up automount Arbitrary Executable File Formats File System Automount Point.
[[0;32m  OK  [0m] Set up automount Arbitrary Executab...ats File System Automount Point.
[   29.701893] systemd[1]: Reached target Swap.
[[0;32m  OK  [0m] Reached target Swap.
[   29.806285] systemd[1]: Listening on udev Control Socket.
[[0;32m  OK  [0m] Listening on udev Control Socket.
[   29.953778] systemd[1]: Listening on LVM2 poll daemon socket.
[[0;32m  OK  [0m] Listening on LVM2 poll daemon socket.
[   30.077745] systemd[1]: Reached target User and Group Name Lookups.
[[0;32m  OK  [0m] Reached target User and Group Name Lookups.
[   30.221712] systemd[1]: Listening on Syslog Socket.
[[0;32m  OK  [0m] Listening on Syslog Socket.
[   30.349975] systemd[1]: Listening on Device-mapper event daemon FIFOs.
[[0;32m  OK  [0m] Listening on Device-mapper event daemon FIFOs.
[   30.525993] systemd[1]: Started Trigger resolvconf update for networkd DNS.
[[0;32m  OK  [0m] Started Trigger resolvconf update for networkd DNS.
[   30.690114] systemd[1]: Listening on Journal Audit Socket.
[[0;32m  OK  [0m] Listening on Journal Audit Socket.
[   30.857795] systemd[1]: Listening on Journal Socket.
[[0;32m  OK  [0m] Listening on Journal Socket.
[   31.003202] systemd[1]: Listening on /dev/initctl Compatibility Named Pipe.
[[0;32m  OK  [0m] Listening on /dev/initctl Compatibility Named Pipe.
[   31.189934] systemd[1]: Started Forward Password Requests to Wall Directory Watch.
[[0;32m  OK  [0m] Started Forward Password Requests to Wall Directory Watch.
[   31.269893] systemd[1]: Listening on udev Kernel Socket.
[[0;32m  OK  [0m] Listening on udev Kernel Socket.
[   31.311755] systemd[1]: Created slice System Slice.
[[0;32m  OK  [0m] Created slice System Slice.
[   31.429895] systemd[1]: Starting Monitoring of LVM2 mirrors, snapshots etc. using dmeventd or progress polling...
         Starting Monitoring of LVM2 mirrors... dmeventd or progress polling...
[   31.673793] systemd[1]: Mounting POSIX Message Queue File System...
         Mounting POSIX Message Queue File System...
[   31.775708] systemd[1]: Starting Create list of required static device nodes for the current kernel...
         [   31.905612] random: nonblocking pool is initialized
Starting Create list of required st... nodes for the current kernel...
[   32.030199] systemd[1]: Created slice system-serial\x2dgetty.slice.
[[0;32m  OK  [0m] Created slice system-serial\x2dgetty.slice.
[   32.197838] systemd[1]: Starting Set console keymap...
         Starting Set console keymap...
[   32.349793] systemd[1]: Starting Nameserver information manager...
         Starting Nameserver information manager...
[   32.474069] systemd[1]: Starting Journal Service...
         Starting Journal Service...
[   32.581923] systemd[1]: Starting Load Kernel Modules...
         [   32.662687] Loading iSCSI transport class v2.0-870.
Starting Load Kernel Modules...
[   32.682505] systemd[1]: Mounting Huge Pages File System...
         [   32.703827] iscsi: registered transport (tcp)
Mounting Huge Pages File System...
[   32.754911] systemd[1]: Starting Remount Root and Kernel File Systems...
         [   32.823145] EXT4-fs (sda1): re-mounted. Opts: (null)
Starting Remount Root and Kernel[   32.853352] iscsi: registered transport (iser)
 File Systems...
[   32.914111] systemd[1]: Reached target Slices.
[[0;32m  OK  [0m] Reached target Slices.
[   33.001803] systemd[1]: Starting Uncomplicated firewall...
         Starting Uncomplicated firewall...
[   33.138404] systemd[1]: Mounting Debug File System...
         Mounting Debug File System...
[   33.246368] systemd[1]: Mounted POSIX Message Queue File System.
[[0;32m  OK  [0m] Mounted POSIX Message Queue File System.
[   33.369806] systemd[1]: Mounted Huge Pages File System.
[[0;32m  OK  [0m] Mounted Huge Pages File System.
[   33.509798] systemd[1]: Mounted Debug File System.
[[0;32m  OK  [0m] Mounted Debug File System.
[   33.612461] systemd[1]: Started Journal Service.
[[0;32m  OK  [0m] Started Journal Service.
[[0;32m  OK  [0m] Started Create list of required sta...ce nodes for the current kernel.
[[0;32m  OK  [0m] Started Set console keymap.
[[0;32m  OK  [0m] Started Load Kernel Modules.
[[0;32m  OK  [0m] Started Remount Root and Kernel File Systems.
[[0;32m  OK  [0m] Started Uncomplicated firewall.
[[0;32m  OK  [0m] Started Nameserver information manager.
[[0;32m  OK  [0m] Started LVM2 metadata daemon.
         Starting Load/Save Random Seed...
         Starting Initial cloud-init job (pre-networking)...
         Starting udev Coldplug all Devices...
         Mounting FUSE Control File System...
         Starting Apply Kernel Variables...
         Starting Create Static Device Nodes in /dev...
         Starting Flush Journal to Persistent Storage...
[[0;32m  OK  [0m] Mounted FUSE Control File System.
[[0;32m  OK  [0m] Started Monitoring of LVM2 mirrors,...ng dmeventd or progress polling.
[[0;32m  OK  [0m] Started Load/Save Random Seed.
[[0;32m  OK  [0m] Started Apply Kernel Variables.
[[0;32m  OK  [0m] Started Create Static Device Nodes in /dev.
[[0;32m  OK  [0m] Started udev Coldplug all Devices.
[[0;32m  OK  [0m] Started Flush Journal to Persistent Storage.
         Starting udev Kernel Device Manager...
[[0;32m  OK  [0m] Started udev Kernel Device Manager.
[   25.831853] cloud-init[441]: Cloud-init v. 0.7.9 running 'init-local' at Tue, 05 Sep 2017 15:38:18 +0000. Up 25.65 seconds.
[[0;32m  OK  [0m] Started Initial cloud-init job (pre-networking).
[[0;32m  OK  [0m] Found device /dev/ttyS0.
[[0;32m  OK  [0m] Listening on Load/Save RF Kill Switch Status /dev/rfkill Watch.
[[0;32m  OK  [0m] Reached target Network (Pre).
[[0;32m  OK  [0m] Started Dispatch Password Requests to Console Directory Watch.
[[0;32m  OK  [0m] Reached target Local File Systems (Pre).
[[0;32m  OK  [0m] Reached target Local File Systems.
         Starting Set console font and keymap...
         Starting Tell Plymouth To Write Out Runtime Data...
         Starting LSB: AppArmor initialization...
         Starting Commit a transient machine-id on disk...
         Starting Create Volatile Files and Directories...
[[0;32m  OK  [0m] Started Set console font and keymap.
[[0;32m  OK  [0m] Started Tell Plymouth To Write Out Runtime Data.
[[0;32m  OK  [0m] Started Commit a transient machine-id on disk.
[[0;32m  OK  [0m] Started Create Volatile Files and Directories.
         Starting Update UTMP about System Boot/Shutdown...
[[0;32m  OK  [0m] Reached target System Time Synchronized.
[[0;32m  OK  [0m] Created slice system-getty.slice.
[[0;32m  OK  [0m] Started Update UTMP about System Boot/Shutdown.
[[0;32m  OK  [0m] Started LSB: AppArmor initialization.
[[0;32m  OK  [0m] Started ifup for enp0s3.
         Starting Raise network interfaces...
[[0;32m  OK  [0m] Started Raise network interfaces.
[[0;32m  OK  [0m] Reached target Network.
         Starting Initial cloud-init job (metadata service crawler)...
[   29.918937] cloud-init[964]: Cloud-init v. 0.7.9 running 'init' at Tue, 05 Sep 2017 15:38:22 +0000. Up 29.42 seconds.
[   30.016891] [cloud-init[0;32m  OK  [0m[964]: ] ci-info: ++++++++++++++++++++++++++++++++++++++Net device info+++++++++++++++++++++++++++++++++++++++Started Initial cloud-init job (metadata service crawler).

[   30.017437] cloud-init[964]: ci-info: +--------+-------+-----------------------------+---------------+-------+-------------------+
[   30.241365] [cloud-init[0;32m  OK  [0m[964]: ] ci-info: | Device |   Up  |           Address           |      Mask     | Scope |     Hw-Address    |Reached target Cloud-config availability.

[[0;32m  OK  [0m] Reached target System Initialization.
[[0;32m  OK  [0m] Listening on ACPID Listen Socket.
[   30.241961] cloud-init[964]: ci-info: +--------+-------+-----------------------------+---------------+-------+-------------------+
[   30.424539] [cloud-init[0;32m  OK  [0m[964]: ] ci-info: | enp0s8 | False |              .              |       .       |   .   | 08:00:27:9e:ed:e6 |Started Daily Cleanup of Temporary Directories.

         Starting Socket activation for snappy daemon.
[   30.424967] cloud-init[964]: ci-info: | enp0s3 |  True |          10.0.2.15          | 255.255.255.0 |   .   | 08:00:27:13:4c:fe |
[   30.688797] [cloud-init[0;32m  OK  [0m[964]: ] ci-info: | enp0s3 |  True | fe80::a00:27ff:fe13:4cfe/64 |       .       |  link | 08:00:27:13:4c:fe |Started ACPI Events Check.

[   30.689338] [cloud-init[0;32m  OK  [0m[964]: ] ci-info: |   lo   |  True |          127.0.0.1          |   255.0.0.0   |   .   |         .         |Reached target Paths.

[   30.800723] [[0;32m  OK  [0m] Listening on UUID daemon activation socket.
cloud-init[964]: ci-info: |   lo   |  True |           ::1/128           |       .       |  host |         .         |
[   30.900651]          cloud-initStarting LXD - unix socket.[964]: 
ci-info: +--------+-------+-----------------------------+---------------+-------+-------------------+
[   31.008435] [cloud-init[0;32m  OK  [0m[964]: ] ci-info: +++++++++++++++++++++++++++Route IPv4 info++++++++++++++++++++++++++++Listening on D-Bus System Message Bus Socket.

[[0;32m  OK  [0m] Started Timer to automatically refresh installed snaps.
[[0;32m  OK  [0m] Started Daily apt activities.
[   31.009142] cloud-init[964]: ci-info: +-------+-------------+----------+---------------+-----------+-------+
[[0;32m  OK  [0m] Reached target Timers.
[[0;32m  OK  [0m] Reached target Network is Online.
[   31.125280] cloud-init[964]: ci-info: | Route | Destination | Gateway  |    Genmask    | Interface | Flags |
[   31.428970]          cloud-initStarting iSCSI initiator daemon (iscsid)...[964]: 
ci-info: +-------+-------------+----------+---------------+-----------+-------+
[   31.540700] [cloud-init[0;32m  OK  [0m[964]: ] ci-info: |   0   |   0.0.0.0   | 10.0.2.2 |    0.0.0.0    |   enp0s3  |   UG  |Listening on Socket activation for snappy daemon.

[[0;32m  OK  [0m] Listening on LXD - unix socket.
[   31.541244] cloud-init[964]: ci-info: |   1   |   10.0.2.0  | 0.0.0.0  | 255.255.255.0 |   enp0s3  |   U   |
[   31.760744] [cloud-init[0;32m  OK  [0m[964]: ] ci-info: +-------+-------------+----------+---------------+-----------+-------+Started iSCSI initiator daemon (iscsid).

[   31.761338] cloud-init[964]: Generating public/private rsa key pair.
[   31.908466]          cloud-initStarting Login to default iSCSI targets...[964]: 
Your identification has been saved in /etc/ssh/ssh_host_rsa_key.
[   32.006756] [cloud-init[0;32m  OK  [0m[964]: ] Your public key has been saved in /etc/ssh/ssh_host_rsa_key.pub.Reached target Sockets.

[[0;32m  OK  [0m] Reached target Basic System.
[   32.007357] cloud-init[964]: The key fingerprint is:
[   32.160656] [cloud-init[0;32m  OK  [0m[964]: ] SHA256:5Q3QrAMvVtK/o8GUIogLSnpkByX/huS0gDvmdhcBivE root@ubuntu-xenialStarted Regular background program processing daemon.

[   32.161167] cloud-init[964]: The key's randomart image is:
[   32.332588]          cloud-initStarting LSB: Record successful boot for GRUB...[964]: 
+---[RSA 2048]----+
[   32.354137]          Starting LXD - container startup/shutdown...
cloud-init[964]: |. .o.  ..o       |
[   32.368227] [[0;32m  OK  [0m] Started ACPI event daemon.
cloud-init         Starting Accounts Service...
         Starting Apply the settings specified in cloud-config...
         Starting /etc/rc.local Compatibility...
         Starting LSB: MD monitoring daemon...
         Starting Login Service...
[964]: |.+oo. o o.o      |
[   32.572587] [cloud-init[0;32m  OK  [0m[964]: ] |ooEo+. = +o      |Started FUSE filesystem for LXC.

[[0;32m  OK  [0m] Started Unattended Upgrades Shutdown.
[   32.573190] cloud-init[964]: |oo+=o+= *o.o     |
[[0;32m  OK  [0m] Started D-Bus System Message Bus.
[   32.708585] cloud-init[964]: |B= .++o=S....    |
         Starting Pollinate to seed the pseudo random number generator...
[   32.728105] cloud-init[964]: |*..  .. o o      |
[[0;32m  OK  [0m] Started Deferred execution scheduler.
[   32.843645] cloud-init[964]: | + . .   o .     |
[   32.921723]          cloud-initStarting System Logging Service...[964]: 
|. . .   .        |
[[0;32m  OK  [0m] Started Snappy daemon.
[   32.998873] cloud-init[964]: |                 |
         Starting Auto import assertions from block devices...
[[0;32m  OK  [0m] Started System Logging Service.
[[0;32m  OK  [0m] Started LXD - container startup/shutdown.
[[0;32m  OK  [0m] Started /etc/rc.local Compatibility.
[[0;32m  OK  [0m] Started Auto import assertions from block devices.
[   33.040278] cloud-init[964]: +----[SHA256]-----+
[   33.320344] [cloud-init[0;32m  OK  [0m[964]: ] Generating public/private dsa key pair.Started Login to default iSCSI targets.

[   33.320737] cloud-init[964]: Your identification has been saved in /etc/ssh/ssh_host_dsa_key.
[   33.464546] [cloud-init[0;32m  OK  [0m[964]: ] Your public key has been saved in /etc/ssh/ssh_host_dsa_key.pub.Started LSB: Record successful boot for GRUB.

[   33.465008] cloud-init[964]: The key fingerprint is:
[   33.596633] cloud-init[964]: SHA256:rs1X2pSoKinKNlElfb3wUCW/2lGb4V7fS4Qas31oWwA root@ubuntu-xenial
[   33.596827] cloud-init[964]: The key's randomart image is:
[[0;32m  OK  [0m] Started LSB: MD monitoring daemon.
[[0;32m  OK  [0m] Started Pollinate to seed the pseudo random number generator.
[   33.596956] cloud-init[964]: +---[DSA 1024]----+
[   33.832564] [cloud-init[0;32m  OK  [0m[964]: ] |    .   oo..     |Started Login Service.

[   33.833382] cloud-init[964]: |   . o + .o      |
         Starting Authenticate and Authorize Users to Run Privileged Tasks...
[[   33.956624] [0;32m  OK  [0mcloud-init] [964]: Stopped OpenBSD Secure Shell server.|    o . + .E o   |

[   34.096449]          cloud-initStarting OpenBSD Secure Shell server...[964]: 
|   .     o  = =  |
[   34.140357] [cloud-init[0;32m  OK  [0m[964]: ] |  .     S  * B o |Reached target Remote File Systems (Pre).

[[0;32m  OK  [0m] Reached target Remote File Systems.
[   34.140851] cloud-init[964]: | .     .  + % = o|
[   34.268515]          cloud-initStarting LSB: daemon to balance interrupts for SMP systems...[964]: 
|  .  .  .o O = +o|
[   34.332800]          cloud-initStarting Permit User Sessions...[964]: 
|.o. o  +. o o = .|
[   34.333272] cloud-init[964]: |oo.. .o.o.   . . |
[   34.408917]          cloud-initStarting LSB: automatic crash report generation...[964]: 
+----[SHA256]-----+
[   34.461906]          cloud-initStarting LSB: VirtualBox Linux Additions...[964]: 
Generating public/private ecdsa key pair.
[   34.500244]          cloud-initStarting LSB: Set the CPU Frequency Scaling governor to "ondemand"...[964]: 
Your identification has been saved in /etc/ssh/ssh_host_ecdsa_key.
[   34.605269] [cloud-init[0;32m  OK  [0m[964]: ] Your public key has been saved in /etc/ssh/ssh_host_ecdsa_key.pub.Started OpenBSD Secure Shell server.

[   34.605934] cloud-init[964]: The key fingerprint is:
[[0;32m  OK  [0m] Started Permit User Sessions.
[   34.736634] [cloud-init[0;32m  OK  [0m[964]: ] SHA256:pXNxUhQg6VoYgSIKjwNLmAeyCM31VoyIuBf0u9Dj8yI root@ubuntu-xenialStarted Authenticate and Authorize Users to Run Privileged Tasks.

[[0;32m  OK  [0m] Started Accounts Service.
[   34.913064] cloud-init[964]: The key's randomart image is:
[   34.984309] cloud-init[964]: +---[ECDSA 256]---+
[   35.020252] cloud-init[964]: |=B.o.o.+o..o+.   |
[   35.052424] cloud-init[964]: |@oB.o.o.o. .     |
[[0;32m  OK  [0m] Started LSB: daemon to balance interrupts for SMP systems.
[[0;32m  OK  [0m] Created slice User Slice of ubuntu.
[   35.114844] cloud-init[964]: |BB o. o+  + .    |
[   35.244231]          cloud-initStarting User Manager for UID 1000...[964]: 
|* o. o. oo +     |
[   35.288696] cloud-init[964]: | o. +  oS .      |
[   35.324764] cloud-init[964]: |   o o.  o       |
[[0;32m  OK  [0m] Started Session 1 of user ubuntu.
[   35.375017] cloud-init[964]: |    +            |
[   35.457053] cloud-init[964]: |  E .o           |
[   35.457590] cloud-init[964]: |   . ..          |
         Starting Hold until boot process finishes up...
[   35.457781] cloud-init[964]: +----[SHA256]-----+
[   35.608575] cloud-init[964]: Generating public/private ed25519 key pair.
[   35.668941] cloud-init[964]: Your identification has been saved in /etc/ssh/ssh_host_ed25519_key.
         Starting Terminate Plymouth Boot Screen...
[[0;32m  OK  [0m] Started User Manager for UID 1000.
[   35.755713] cloud-init[964]: Your public key has been saved in /etc/ssh/ssh_host_ed25519_key.pub.
[   35.901081] cloud-init[964]: The key fingerprint is:
[   35.901526] cloud-init[964]: SHA256:V339yt83BXv8RkO2E6Bu5nF6yS5j0xI13C8MByass2M root@ubuntu-xenial
[[0;32m  OK  [0m] Started Apply the settings specified in cloud-config.
[   35.901691] cloud-init[964]: The key's randomart image is:
[   36.108564] cloud-init[964]: +--[ED25519 256]--+
[   36.108899] cloud-init[964]: |         .       |
[[0;32m  OK  [0m] Started LSB: automatic crash report generation.
[[   36.109108] cloud-init[964]: |          o oo  .|
[   36.237773] cloud-init[964]: |         . o+.+ o|
[0;32m  OK  [0m] Started LSB: VirtualBox Linux Additions.
[[   36.237929] cloud-init[964]: |        o  o.+o*.|
[   36.333563] cloud-init[964]: |        Soo .+++=|
[0;32m  OK  [0m] Started LSB: Set the CPU Frequency Scaling governor to "ondemand".
[[0;32m  OK  [0m] Started Hold until boot process finishes up.
[[0;32m  OK  [0m] Started Terminate Plymouth Boot Screen.
[   36.333657] cloud-init[964]: |        E. * o+=*|
[[0;32m  OK  [0m] Started Getty on tty1.
[   36.492623] cloud-init[964]: |       . .+ B ++=|
[[0;32m  OK  [0m] Started Serial Getty on ttyS0.
[[0;32m  OK  [0m] Reached target Login Prompts.
[   36.542804] cloud-init[964]: |           O = o=|
         Starting Set console scheme...
[[0;32m  OK  [0m] Reached target Multi-User System.
[[0;32m  OK  [0m] Reached target Graphical Interface.
[   36.677038] cloud-init[964]: |          . B. .=|
[   36.824635]          cloud-initStarting Update UTMP about System Runlevel Changes...[964]: 
+----[SHA256]-----+
         Starting Execute cloud user/final scripts...
[   36.985907] cloud-init[1079]: Generating locales (this might take a while)...
[   37.116472] [cloud-init[0;32m  OK  [0m[1079]: ]   en_US.UTF-8... doneStarted Set console scheme.

[   37.116901] cloud-init[1079]: Generation complete.
[   37.224696] ci-info: no authorized ssh keys fingerprints found for user ubuntu.
cloud-init[1079]: Cloud-init v. 0.7.9 running 'modules:config' at Tue, 05 Sep 2017 15:38:25 +0000. Up 32.63 seconds.
[[0;32m  OK  [0m] Started Update UTMP about System Runlevel Changes.
<14>Sep  5 15:38:30 ec2: 
<14>Sep  5 15:38:30 ec2: #############################################################
<14>Sep  5 15:38:30 ec2: -----BEGIN SSH HOST KEY FINGERPRINTS-----
<14>Sep  5 15:38:30 ec2: 1024 SHA256:rs1X2pSoKinKNlElfb3wUCW/2lGb4V7fS4Qas31oWwA root@ubuntu-xenial (DSA)
<14>Sep  5 15:38:30 ec2: 256 SHA256:pXNxUhQg6VoYgSIKjwNLmAeyCM31VoyIuBf0u9Dj8yI root@ubuntu-xenial (ECDSA)
<14>Sep  5 15:38:30 ec2: 256 SHA256:V339yt83BXv8RkO2E6Bu5nF6yS5j0xI13C8MByass2M root@ubuntu-xenial (ED25519)
<14>Sep  5 15:38:30 ec2: 2048 SHA256:5Q3QrAMvVtK/o8GUIogLSnpkByX/huS0gDvmdhcBivE root@ubuntu-xenial (RSA)
<14>Sep  5 15:38:30 ec2: -----END SSH HOST KEY FINGERPRINTS-----
<14>Sep  5 15:38:30 ec2: #############################################################
-----BEGIN SSH HOST KEY KEYS-----
ecdsa-sha2-nistp256 AAAAE2VjZHNhLXNoYTItbmlzdHAyNTYAAAAIbmlzdHAyNTYAAABBBCUFqsvR46N3aVtXgPSsqNT03TzlTLXP1DOAmiTBWzhrhZuw5YBIpCJ6ekLMUmoqcaf/jbxJymaGKGCvUdXnhb4= root@ubuntu-xenial
ssh-ed25519 AAAAC3NzaC1lZDI1NTE5AAAAIHRAOKzbAtAoDUCOWlRhO5SYo8/c9Xdqq9fvGCYLe/SZ root@ubuntu-xenial
ssh-rsa AAAAB3NzaC1yc2EAAAADAQABAAABAQDR9E97fIoCl1VvkRZqWzc1JMukdWwEgnCVtzEITG5fOBPxw8pBmtFEmI6uiA16RpYBMGSFlzfeTzDDzQNfdMU/8wv74vToANkfAeoRn1A/x/ustGMEV6v3s6QtIpmIJSfPj51lFPM3omU5beVJ2Ymcxo/nBbC92DN8mjV2vz00NQngSAoLMShYQ6/Z+q6QHbG0DohfXv7j0JTYYDsq2sgibUM3D5P8TUk/jFBbuyyIn3tIFtk0EfpzYJISEow3BUL6i4Y5sc89SQRMmRQyh6VoZp7vmDTDNVUr66oZZmLk5Jj080hbW4mtRt/y8S6QiD+FkVQjdqlTkXO5WF60yk1J root@ubuntu-xenial
-----END SSH HOST KEY KEYS-----
[   38.211721] cloud-init[1337]: Cloud-init v. 0.7.9 running 'modules:final' at Tue, 05 Sep 2017 15:38:29 +0000. Up 37.07 seconds.
[   38.288722] [cloud-init[0;32m  OK  [0m[1337]: ] ci-info: no authorized ssh keys fingerprints found for user ubuntu.Started Execute cloud user/final scripts.

[   38.289300] cloud-init[1337]: Cloud-init v. 0.7.9 finished at Tue, 05 Sep 2017 15:38:31 +0000. Datasource DataSourceNoCloud [seed=/dev/sdb][dsmode=net].  Up 38.20 seconds
[[0;32m  OK  [0m] Reached target Cloud-init target.

Ubuntu 16.04.2 LTS ubuntu-xenial ttyS0

ubuntu-xenial login: 